2026-09-11 16:19:38.010: [INFO] CurrentProfilePath: C:\PERSONAL-PROJECTS\ahk\quickmenu\WebView2Data\EBWebView\Default
2026-09-11 16:19:38.010: [INFO] Profiles total count: 1
2026-09-11 16:19:38.010: [INFO] Profile: name=Profile 1 path=C:\PERSONAL-PROJECTS\ahk\quickmenu\WebView2Data\EBWebView\Default lastActive=null
2026-09-11 16:19:38.010: [INFO] LastUsedProfileDir: C:\PERSONAL-PROJECTS\ahk\quickmenu\WebView2Data\EBWebView\Default
2026-09-11 16:19:38.010: [INFO] OnDoneLoading sync enabled: 0
2026-09-11 16:19:38.010: [INFO] BookmarkModelLoaded, ids_reassigned: 0
2026-09-11 16:19:38.010: [INFO] BookmarksLoadDropped droppedNodes=0
2026-09-11 16:19:38.010: [INFO] BookmarksSnapshot Startup total=0 bar=0 other=0 mobile=0 showBar=0 showBarNTP=1
2026-09-11 16:19:38.187: [INFO] BookmarksSnapshot Shutdown total=0 bar=0 other=0 mobile=0 showBar=0 showBarNTP=1
2026-09-11 16:20:21.226: [INFO] CurrentProfilePath: C:\PERSONAL-PROJECTS\ahk\quickmenu\WebView2Data\EBWebView\Default
2026-09-11 16:20:21.226: [INFO] Profiles total count: 1
2026-09-11 16:20:21.226: [INFO] Profile: name=Profile 1 path=C:\PERSONAL-PROJECTS\ahk\quickmenu\WebView2Data\EBWebView\Default lastActive=2026-09-11T16:19:38.154Z
2026-09-11 16:20:21.226: [INFO] LastUsedProfileDir: C:\PERSONAL-PROJECTS\ahk\quickmenu\WebView2Data\EBWebView\Default
2026-09-11 16:20:21.226: [INFO] MostRecentlyActiveProfile: name=Profile 1 path=C:\PERSONAL-PROJECTS\ahk\quickmenu\WebView2Data\EBWebView\Default lastActive=2026-09-11T16:19:38.154Z
2026-09-11 16:20:21.226: [INFO] OnDoneLoading sync enabled: 0
2026-09-11 16:20:21.226: [INFO] BookmarkModelLoaded, ids_reassigned: 0
2026-09-11 16:20:21.226: [INFO] BookmarksLoadDropped droppedNodes=0
2026-09-11 16:20:21.226: [INFO] BookmarksSnapshot Startup total=0 bar=0 other=0 mobile=0 showBar=0 showBarNTP=1
2026-09-11 16:20:21.352: [INFO] BookmarksSnapshot Shutdown total=0 bar=0 other=0 mobile=0 showBar=0 showBarNTP=1
2026-09-11 16:20:36.209: [INFO] CurrentProfilePath: C:\PERSONAL-PROJECTS\ahk\quickmenu\WebView2Data\EBWebView\Default
2026-09-11 16:20:36.209: [INFO] Profiles total count: 1
2026-09-11 16:20:36.209: [INFO] Profile: name=Profile 1 path=C:\PERSONAL-PROJECTS\ahk\quickmenu\WebView2Data\EBWebView\Default lastActive=2026-09-11T16:20:32.778Z
2026-09-11 16:20:36.209: [INFO] LastUsedProfileDir: C:\PERSONAL-PROJECTS\ahk\quickmenu\WebView2Data\EBWebView\Default
2026-09-11 16:20:36.209: [INFO] MostRecentlyActiveProfile: name=Profile 1 path=C:\PERSONAL-PROJECTS\ahk\quickmenu\WebView2Data\EBWebView\Default lastActive=2026-09-11T16:20:32.778Z
2026-09-11 16:20:36.209: [INFO] OnDoneLoading sync enabled: 0
2026-09-11 16:20:36.209: [INFO] BookmarkModelLoaded, ids_reassigned: 0
2026-09-11 16:20:36.209: [INFO] BookmarksLoadDropped droppedNodes=0
2026-09-11 16:20:36.209: [INFO] BookmarksSnapshot Startup total=0 bar=0 other=0 mobile=0 showBar=0 showBarNTP=1
2026-09-11 16:20:36.304: [INFO] BookmarksSnapshot Shutdown total=0 bar=0 other=0 mobile=0 showBar=0 showBarNTP=1
2026-09-11 16:20:39.943: [INFO] CurrentProfilePath: C:\PERSONAL-PROJECTS\ahk\quickmenu\WebView2Data\EBWebView\Default
2026-09-11 16:20:39.943: [INFO] Profiles total count: 1
2026-09-11 16:20:39.943: [INFO] Profile: name=Profile 1 path=C:\PERSONAL-PROJECTS\ahk\quickmenu\WebView2Data\EBWebView\Default lastActive=2026-09-11T16:20:36.290Z
2026-09-11 16:20:39.943: [INFO] LastUsedProfileDir: C:\PERSONAL-PROJECTS\ahk\quickmenu\WebView2Data\EBWebView\Default
2026-09-11 16:20:39.943: [INFO] MostRecentlyActiveProfile: name=Profile 1 path=C:\PERSONAL-PROJECTS\ahk\quickmenu\WebView2Data\EBWebView\Default lastActive=2026-09-11T16:20:36.290Z
2026-09-11 16:20:39.943: [INFO] OnDoneLoading sync enabled: 0
2026-09-11 16:20:39.943: [INFO] BookmarkModelLoaded, ids_reassigned: 0
2026-09-11 16:20:39.943: [INFO] BookmarksLoadDropped droppedNodes=0
2026-09-11 16:20:39.943: [INFO] BookmarksSnapshot Startup total=0 bar=0 other=0 mobile=0 showBar=0 showBarNTP=1
2026-09-11 16:20:40.040: [INFO] BookmarksSnapshot Shutdown total=0 bar=0 other=0 mobile=0 showBar=0 showBarNTP=1
2026-09-11 16:20:43.428: [INFO] CurrentProfilePath: C:\PERSONAL-PROJECTS\ahk\quickmenu\WebView2Data\EBWebView\Default
2026-09-11 16:20:43.428: [INFO] Profiles total count: 1
2026-09-11 16:20:43.428: [INFO] Profile: name=Profile 1 path=C:\PERSONAL-PROJECTS\ahk\quickmenu\WebView2Data\EBWebView\Default lastActive=2026-09-11T16:20:40.027Z
2026-09-11 16:20:43.428: [INFO] LastUsedProfileDir: C:\PERSONAL-PROJECTS\ahk\quickmenu\WebView2Data\EBWebView\Default
2026-09-11 16:20:43.428: [INFO] MostRecentlyActiveProfile: name=Profile 1 path=C:\PERSONAL-PROJECTS\ahk\quickmenu\WebView2Data\EBWebView\Default lastActive=2026-09-11T16:20:40.027Z
2026-09-11 16:20:43.428: [INFO] OnDoneLoading sync enabled: 0
2026-09-11 16:20:43.428: [INFO] BookmarkModelLoaded, ids_reassigned: 0
2026-09-11 16:20:43.428: [INFO] BookmarksLoadDropped droppedNodes=0
2026-09-11 16:20:43.428: [INFO] BookmarksSnapshot Startup total=0 bar=0 other=0 mobile=0 showBar=0 showBarNTP=1
2026-09-11 16:20:43.526: [INFO] BookmarksSnapshot Shutdown total=0 bar=0 other=0 mobile=0 showBar=0 showBarNTP=1
2026-09-11 16:22:50.413: [INFO] CurrentProfilePath: C:\PERSONAL-PROJECTS\ahk\quickmenu\WebView2Data\EBWebView\Default
2026-09-11 16:22:50.413: [INFO] Profiles total count: 1
2026-09-11 16:22:50.413: [INFO] Profile: name=Profile 1 path=C:\PERSONAL-PROJECTS\ahk\quickmenu\WebView2Data\EBWebView\Default lastActive=2026-09-11T16:20:43.511Z
2026-09-11 16:22:50.413: [INFO] LastUsedProfileDir: C:\PERSONAL-PROJECTS\ahk\quickmenu\WebView2Data\EBWebView\Default
2026-09-11 16:22:50.413: [INFO] MostRecentlyActiveProfile: name=Profile 1 path=C:\PERSONAL-PROJECTS\ahk\quickmenu\WebView2Data\EBWebView\Default lastActive=2026-09-11T16:20:43.511Z
2026-09-11 16:22:50.413: [INFO] OnDoneLoading sync enabled: 0
2026-09-11 16:22:50.413: [INFO] BookmarkModelLoaded, ids_reassigned: 0
2026-09-11 16:22:50.413: [INFO] BookmarksLoadDropped droppedNodes=0
2026-09-11 16:22:50.413: [INFO] BookmarksSnapshot Startup total=0 bar=0 other=0 mobile=0 showBar=0 showBarNTP=1
2026-09-11 16:22:50.572: [INFO] BookmarksSnapshot Shutdown total=0 bar=0 other=0 mobile=0 showBar=0 showBarNTP=1
2026-09-11 16:36:06.894: [INFO] CurrentProfilePath: C:\PERSONAL-PROJECTS\ahk\quickmenu\WebView2Data\EBWebView\Default
2026-09-11 16:36:06.894: [INFO] Profiles total count: 1
2026-09-11 16:36:06.895: [INFO] Profile: name=Profile 1 path=C:\PERSONAL-PROJECTS\ahk\quickmenu\WebView2Data\EBWebView\Default lastActive=2026-09-11T16:22:50.538Z
2026-09-11 16:36:06.895: [INFO] LastUsedProfileDir: C:\PERSONAL-PROJECTS\ahk\quickmenu\WebView2Data\EBWebView\Default
2026-09-11 16:36:06.895: [INFO] MostRecentlyActiveProfile: name=Profile 1 path=C:\PERSONAL-PROJECTS\ahk\quickmenu\WebView2Data\EBWebView\Default lastActive=2026-09-11T16:22:50.538Z
2026-09-11 16:36:06.895: [INFO] OnDoneLoading sync enabled: 0
2026-09-11 16:36:06.895: [INFO] BookmarkModelLoaded, ids_reassigned: 0
2026-09-11 16:36:06.895: [INFO] BookmarksLoadDropped droppedNodes=0
2026-09-11 16:36:06.895: [INFO] BookmarksSnapshot Startup total=0 bar=0 other=0 mobile=0 showBar=0 showBarNTP=1
2026-09-11 16:36:07.020: [INFO] BookmarksSnapshot Shutdown total=0 bar=0 other=0 mobile=0 showBar=0 showBarNTP=1
2026-09-11 16:37:43.477: [INFO] CurrentProfilePath: C:\PERSONAL-PROJECTS\ahk\quickmenu\WebView2Data\EBWebView\Default
2026-09-11 16:37:43.477: [INFO] Profiles total count: 1
2026-09-11 16:37:43.477: [INFO] Profile: name=Profile 1 path=C:\PERSONAL-PROJECTS\ahk\quickmenu\WebView2Data\EBWebView\Default lastActive=2026-09-11T16:36:07.007Z
2026-09-11 16:37:43.477: [INFO] LastUsedProfileDir: C:\PERSONAL-PROJECTS\ahk\quickmenu\WebView2Data\EBWebView\Default
2026-09-11 16:37:43.477: [INFO] MostRecentlyActiveProfile: name=Profile 1 path=C:\PERSONAL-PROJECTS\ahk\quickmenu\WebView2Data\EBWebView\Default lastActive=2026-09-11T16:36:07.007Z
2026-09-11 16:37:43.477: [INFO] OnDoneLoading sync enabled: 0
2026-09-11 16:37:43.477: [INFO] BookmarkModelLoaded, ids_reassigned: 0
2026-09-11 16:37:43.477: [INFO] BookmarksLoadDropped droppedNodes=0
2026-09-11 16:37:43.477: [INFO] BookmarksSnapshot Startup total=0 bar=0 other=0 mobile=0 showBar=0 showBarNTP=1
2026-09-11 16:37:43.603: [INFO] BookmarksSnapshot Shutdown total=0 bar=0 other=0 mobile=0 showBar=0 showBarNTP=1
2026-09-12 02:09:41.216: [INFO] CurrentProfilePath: C:\PERSONAL-PROJECTS\ahk\quickmenu\WebView2Data\EBWebView\Default
2026-09-12 02:09:41.216: [INFO] Profiles total count: 1
2026-09-12 02:09:41.216: [INFO] Profile: name=Profile 1 path=C:\PERSONAL-PROJECTS\ahk\quickmenu\WebView2Data\EBWebView\Default lastActive=2026-09-11T16:37:43.583Z
2026-09-12 02:09:41.216: [INFO] LastUsedProfileDir: C:\PERSONAL-PROJECTS\ahk\quickmenu\WebView2Data\EBWebView\Default
2026-09-12 02:09:41.216: [INFO] MostRecentlyActiveProfile: name=Profile 1 path=C:\PERSONAL-PROJECTS\ahk\quickmenu\WebView2Data\EBWebView\Default lastActive=2026-09-11T16:37:43.583Z
2026-09-12 02:09:41.216: [INFO] OnDoneLoading sync enabled: 0
2026-09-12 02:09:41.216: [INFO] BookmarkModelLoaded, ids_reassigned: 0
2026-09-12 02:09:41.216: [INFO] BookmarksLoadDropped droppedNodes=0
2026-09-12 02:09:41.216: [INFO] BookmarksSnapshot Startup total=0 bar=0 other=0 mobile=0 showBar=0 showBarNTP=1
2026-09-12 02:09:41.343: [INFO] BookmarksSnapshot Shutdown total=0 bar=0 other=0 mobile=0 showBar=0 showBarNTP=1
2026-09-12 02:09:47.069: [INFO] CurrentProfilePath: C:\PERSONAL-PROJECTS\ahk\quickmenu\WebView2Data\EBWebView\Default
2026-09-12 02:09:47.069: [INFO] Profiles total count: 1
2026-09-12 02:09:47.069: [INFO] Profile: name=Profile 1 path=C:\PERSONAL-PROJECTS\ahk\quickmenu\WebView2Data\EBWebView\Default lastActive=2026-09-12T02:09:44.275Z
2026-09-12 02:09:47.069: [INFO] LastUsedProfileDir: C:\PERSONAL-PROJECTS\ahk\quickmenu\WebView2Data\EBWebView\Default
2026-09-12 02:09:47.069: [INFO] MostRecentlyActiveProfile: name=Profile 1 path=C:\PERSONAL-PROJECTS\ahk\quickmenu\WebView2Data\EBWebView\Default lastActive=2026-09-12T02:09:44.275Z
2026-09-12 02:09:47.069: [INFO] OnDoneLoading sync enabled: 0
2026-09-12 02:09:47.069: [INFO] BookmarkModelLoaded, ids_reassigned: 0
2026-09-12 02:09:47.069: [INFO] BookmarksLoadDropped droppedNodes=0
2026-09-12 02:09:47.069: [INFO] BookmarksSnapshot Startup total=0 bar=0 other=0 mobile=0 showBar=0 showBarNTP=1
2026-09-12 02:09:47.163: [INFO] BookmarksSnapshot Shutdown total=0 bar=0 other=0 mobile=0 showBar=0 showBarNTP=1
2026-09-12 02:16:46.201: [INFO] CurrentProfilePath: C:\PERSONAL-PROJECTS\ahk\quickmenu\WebView2Data\EBWebView\Default
2026-09-12 02:16:46.201: [INFO] Profiles total count: 1
2026-09-12 02:16:46.201: [INFO] Profile: name=Profile 1 path=C:\PERSONAL-PROJECTS\ahk\quickmenu\WebView2Data\EBWebView\Default lastActive=2026-09-12T02:09:47.147Z
2026-09-12 02:16:46.201: [INFO] LastUsedProfileDir: C:\PERSONAL-PROJECTS\ahk\quickmenu\WebView2Data\EBWebView\Default
2026-09-12 02:16:46.201: [INFO] MostRecentlyActiveProfile: name=Profile 1 path=C:\PERSONAL-PROJECTS\ahk\quickmenu\WebView2Data\EBWebView\Default lastActive=2026-09-12T02:09:47.147Z
2026-09-12 02:16:46.201: [INFO] OnDoneLoading sync enabled: 0
2026-09-12 02:16:46.201: [INFO] BookmarkModelLoaded, ids_reassigned: 0
2026-09-12 02:16:46.201: [INFO] BookmarksLoadDropped droppedNodes=0
2026-09-12 02:16:46.201: [INFO] BookmarksSnapshot Startup total=0 bar=0 other=0 mobile=0 showBar=0 showBarNTP=1
2026-09-12 02:16:46.380: [INFO] BookmarksSnapshot Shutdown total=0 bar=0 other=0 mobile=0 showBar=0 showBarNTP=1
2026-09-12 02:17:51.093: [INFO] CurrentProfilePath: C:\PERSONAL-PROJECTS\ahk\quickmenu\WebView2Data\EBWebView\Default
2026-09-12 02:17:51.093: [INFO] Profiles total count: 1
2026-09-12 02:17:51.093: [INFO] Profile: name=Profile 1 path=C:\PERSONAL-PROJECTS\ahk\quickmenu\WebView2Data\EBWebView\Default lastActive=2026-09-12T02:16:46.354Z
2026-09-12 02:17:51.093: [INFO] LastUsedProfileDir: C:\PERSONAL-PROJECTS\ahk\quickmenu\WebView2Data\EBWebView\Default
2026-09-12 02:17:51.093: [INFO] MostRecentlyActiveProfile: name=Profile 1 path=C:\PERSONAL-PROJECTS\ahk\quickmenu\WebView2Data\EBWebView\Default lastActive=2026-09-12T02:16:46.354Z
2026-09-12 02:17:51.093: [INFO] OnDoneLoading sync enabled: 0
2026-09-12 02:17:51.094: [INFO] BookmarkModelLoaded, ids_reassigned: 0
2026-09-12 02:17:51.094: [INFO] BookmarksLoadDropped droppedNodes=0
2026-09-12 02:17:51.094: [INFO] BookmarksSnapshot Startup total=0 bar=0 other=0 mobile=0 showBar=0 showBarNTP=1
2026-09-12 02:17:51.253: [INFO] BookmarksSnapshot Shutdown total=0 bar=0 other=0 mobile=0 showBar=0 showBarNTP=1
2026-09-12 02:18:13.286: [INFO] CurrentProfilePath: C:\PERSONAL-PROJECTS\ahk\quickmenu\WebView2Data\EBWebView\Default
2026-09-12 02:18:13.286: [INFO] Profiles total count: 1
2026-09-12 02:18:13.286: [INFO] Profile: name=Profile 1 path=C:\PERSONAL-PROJECTS\ahk\quickmenu\WebView2Data\EBWebView\Default lastActive=2026-09-12T02:17:51.232Z
2026-09-12 02:18:13.286: [INFO] LastUsedProfileDir: C:\PERSONAL-PROJECTS\ahk\quickmenu\WebView2Data\EBWebView\Default
2026-09-12 02:18:13.286: [INFO] MostRecentlyActiveProfile: name=Profile 1 path=C:\PERSONAL-PROJECTS\ahk\quickmenu\WebView2Data\EBWebView\Default lastActive=2026-09-12T02:17:51.232Z
2026-09-12 02:18:13.286: [INFO] OnDoneLoading sync enabled: 0
2026-09-12 02:18:13.286: [INFO] BookmarkModelLoaded, ids_reassigned: 0
2026-09-12 02:18:13.286: [INFO] BookmarksLoadDropped droppedNodes=0
2026-09-12 02:18:13.286: [INFO] BookmarksSnapshot Startup total=0 bar=0 other=0 mobile=0 showBar=0 showBarNTP=1
2026-09-12 02:18:13.412: [INFO] BookmarksSnapshot Shutdown total=0 bar=0 other=0 mobile=0 showBar=0 showBarNTP=1
2026-09-12 02:20:25.206: [INFO] CurrentProfilePath: C:\PERSONAL-PROJECTS\ahk\quickmenu\WebView2Data\EBWebView\Default
2026-09-12 02:20:25.206: [INFO] Profiles total count: 1
2026-09-12 02:20:25.206: [INFO] Profile: name=Profile 1 path=C:\PERSONAL-PROJECTS\ahk\quickmenu\WebView2Data\EBWebView\Default lastActive=2026-09-12T02:18:17.037Z
2026-09-12 02:20:25.206: [INFO] LastUsedProfileDir: C:\PERSONAL-PROJECTS\ahk\quickmenu\WebView2Data\EBWebView\Default
2026-09-12 02:20:25.206: [INFO] MostRecentlyActiveProfile: name=Profile 1 path=C:\PERSONAL-PROJECTS\ahk\quickmenu\WebView2Data\EBWebView\Default lastActive=2026-09-12T02:18:17.037Z
2026-09-12 02:20:25.206: [INFO] OnDoneLoading sync enabled: 0
2026-09-12 02:20:25.206: [INFO] BookmarkModelLoaded, ids_reassigned: 0
2026-09-12 02:20:25.206: [INFO] BookmarksLoadDropped droppedNodes=0
2026-09-12 02:20:25.206: [INFO] BookmarksSnapshot Startup total=0 bar=0 other=0 mobile=0 showBar=0 showBarNTP=1
2026-09-12 02:20:25.311: [INFO] BookmarksSnapshot Shutdown total=0 bar=0 other=0 mobile=0 showBar=0 showBarNTP=1
2026-09-12 02:34:31.968: [INFO] CurrentProfilePath: C:\PERSONAL-PROJECTS\ahk\quickmenu\WebView2Data\EBWebView\Default
2026-09-12 02:34:31.968: [INFO] Profiles total count: 1
2026-09-12 02:34:31.968: [INFO] Profile: name=Profile 1 path=C:\PERSONAL-PROJECTS\ahk\quickmenu\WebView2Data\EBWebView\Default lastActive=2026-09-12T02:20:25.295Z
2026-09-12 02:34:31.968: [INFO] LastUsedProfileDir: C:\PERSONAL-PROJECTS\ahk\quickmenu\WebView2Data\EBWebView\Default
2026-09-12 02:34:31.968: [INFO] MostRecentlyActiveProfile: name=Profile 1 path=C:\PERSONAL-PROJECTS\ahk\quickmenu\WebView2Data\EBWebView\Default lastActive=2026-09-12T02:20:25.295Z
2026-09-12 02:34:31.968: [INFO] OnDoneLoading sync enabled: 0
2026-09-12 02:34:31.968: [INFO] BookmarkModelLoaded, ids_reassigned: 0
2026-09-12 02:34:31.968: [INFO] BookmarksLoadDropped droppedNodes=0
2026-09-12 02:34:31.968: [INFO] BookmarksSnapshot Startup total=0 bar=0 other=0 mobile=0 showBar=0 showBarNTP=1
2026-09-12 02:34:32.114: [INFO] BookmarksSnapshot Shutdown total=0 bar=0 other=0 mobile=0 showBar=0 showBarNTP=1
2026-09-12 02:34:36.259: [INFO] CurrentProfilePath: C:\PERSONAL-PROJECTS\ahk\quickmenu\WebView2Data\EBWebView\Default
2026-09-12 02:34:36.259: [INFO] Profiles total count: 1
2026-09-12 02:34:36.259: [INFO] Profile: name=Profile 1 path=C:\PERSONAL-PROJECTS\ahk\quickmenu\WebView2Data\EBWebView\Default lastActive=2026-09-12T02:34:32.092Z
2026-09-12 02:34:36.259: [INFO] LastUsedProfileDir: C:\PERSONAL-PROJECTS\ahk\quickmenu\WebView2Data\EBWebView\Default
2026-09-12 02:34:36.259: [INFO] MostRecentlyActiveProfile: name=Profile 1 path=C:\PERSONAL-PROJECTS\ahk\quickmenu\WebView2Data\EBWebView\Default lastActive=2026-09-12T02:34:32.092Z
2026-09-12 02:34:36.259: [INFO] OnDoneLoading sync enabled: 0
2026-09-12 02:34:36.259: [INFO] BookmarkModelLoaded, ids_reassigned: 0
2026-09-12 02:34:36.259: [INFO] BookmarksLoadDropped droppedNodes=0
2026-09-12 02:34:36.259: [INFO] BookmarksSnapshot Startup total=0 bar=0 other=0 mobile=0 showBar=0 showBarNTP=1
2026-09-12 02:34:36.404: [INFO] BookmarksSnapshot Shutdown total=0 bar=0 other=0 mobile=0 showBar=0 showBarNTP=1
2026-09-12 02:51:46.639: [INFO] CurrentProfilePath: C:\PERSONAL-PROJECTS\ahk\quickmenu\WebView2Data\EBWebView\Default
2026-09-12 02:51:46.639: [INFO] Profiles total count: 1
2026-09-12 02:51:46.639: [INFO] Profile: name=Profile 1 path=C:\PERSONAL-PROJECTS\ahk\quickmenu\WebView2Data\EBWebView\Default lastActive=2026-09-12T02:34:36.383Z
2026-09-12 02:51:46.639: [INFO] LastUsedProfileDir: C:\PERSONAL-PROJECTS\ahk\quickmenu\WebView2Data\EBWebView\Default
2026-09-12 02:51:46.639: [INFO] MostRecentlyActiveProfile: name=Profile 1 path=C:\PERSONAL-PROJECTS\ahk\quickmenu\WebView2Data\EBWebView\Default lastActive=2026-09-12T02:34:36.383Z
2026-09-12 02:51:46.639: [INFO] OnDoneLoading sync enabled: 0
2026-09-12 02:51:46.639: [INFO] BookmarkModelLoaded, ids_reassigned: 0
2026-09-12 02:51:46.639: [INFO] BookmarksLoadDropped droppedNodes=0
2026-09-12 02:51:46.639: [INFO] BookmarksSnapshot Startup total=0 bar=0 other=0 mobile=0 showBar=0 showBarNTP=1
2026-09-12 02:51:46.788: [INFO] BookmarksSnapshot Shutdown total=0 bar=0 other=0 mobile=0 showBar=0 showBarNTP=1
2026-09-12 02:55:46.968: [INFO] CurrentProfilePath: C:\PERSONAL-PROJECTS\ahk\quickmenu\WebView2Data\EBWebView\Default
2026-09-12 02:55:46.968: [INFO] Profiles total count: 1
2026-09-12 02:55:46.968: [INFO] Profile: name=Profile 1 path=C:\PERSONAL-PROJECTS\ahk\quickmenu\WebView2Data\EBWebView\Default lastActive=2026-09-12T02:51:46.765Z
2026-09-12 02:55:46.968: [INFO] LastUsedProfileDir: C:\PERSONAL-PROJECTS\ahk\quickmenu\WebView2Data\EBWebView\Default
2026-09-12 02:55:46.968: [INFO] MostRecentlyActiveProfile: name=Profile 1 path=C:\PERSONAL-PROJECTS\ahk\quickmenu\WebView2Data\EBWebView\Default lastActive=2026-09-12T02:51:46.765Z
2026-09-12 02:55:46.968: [INFO] OnDoneLoading sync enabled: 0
2026-09-12 02:55:46.968: [INFO] BookmarkModelLoaded, ids_reassigned: 0
2026-09-12 02:55:46.968: [INFO] BookmarksLoadDropped droppedNodes=0
2026-09-12 02:55:46.968: [INFO] BookmarksSnapshot Startup total=0 bar=0 other=0 mobile=0 showBar=0 showBarNTP=1
2026-09-12 02:55:47.113: [INFO] BookmarksSnapshot Shutdown total=0 bar=0 other=0 mobile=0 showBar=0 showBarNTP=1
2026-09-12 03:08:55.268: [INFO] CurrentProfilePath: C:\PERSONAL-PROJECTS\ahk\quickmenu\WebView2Data\EBWebView\Default
2026-09-12 03:08:55.268: [INFO] Profiles total count: 1
2026-09-12 03:08:55.268: [INFO] Profile: name=Profile 1 path=C:\PERSONAL-PROJECTS\ahk\quickmenu\WebView2Data\EBWebView\Default lastActive=2026-09-12T03:08:07.309Z
2026-09-12 03:08:55.268: [INFO] LastUsedProfileDir: C:\PERSONAL-PROJECTS\ahk\quickmenu\WebView2Data\EBWebView\Default
2026-09-12 03:08:55.268: [INFO] MostRecentlyActiveProfile: name=Profile 1 path=C:\PERSONAL-PROJECTS\ahk\quickmenu\WebView2Data\EBWebView\Default lastActive=2026-09-12T03:08:07.309Z
2026-09-12 03:08:55.268: [INFO] OnDoneLoading sync enabled: 0
2026-09-12 03:08:55.268: [INFO] BookmarkModelLoaded, ids_reassigned: 0
2026-09-12 03:08:55.268: [INFO] BookmarksLoadDropped droppedNodes=0
2026-09-12 03:08:55.268: [INFO] BookmarksSnapshot Startup total=0 bar=0 other=0 mobile=0 showBar=0 showBarNTP=1
2026-09-12 03:09:04.505: [INFO] BookmarksSnapshot Shutdown total=0 bar=0 other=0 mobile=0 showBar=0 showBarNTP=1
2026-09-12 03:09:29.769: [INFO] CurrentProfilePath: C:\PERSONAL-PROJECTS\ahk\quickmenu\WebView2Data\EBWebView\Default
2026-09-12 03:09:29.769: [INFO] Profiles total count: 1
2026-09-12 03:09:29.769: [INFO] Profile: name=Profile 1 path=C:\PERSONAL-PROJECTS\ahk\quickmenu\WebView2Data\EBWebView\Default lastActive=2026-09-12T03:08:55.410Z
2026-09-12 03:09:29.769: [INFO] LastUsedProfileDir: C:\PERSONAL-PROJECTS\ahk\quickmenu\WebView2Data\EBWebView\Default
2026-09-12 03:09:29.769: [INFO] MostRecentlyActiveProfile: name=Profile 1 path=C:\PERSONAL-PROJECTS\ahk\quickmenu\WebView2Data\EBWebView\Default lastActive=2026-09-12T03:08:55.410Z
2026-09-12 03:09:29.769: [INFO] OnDoneLoading sync enabled: 0
2026-09-12 03:09:29.769: [INFO] BookmarkModelLoaded, ids_reassigned: 0
2026-09-12 03:09:29.769: [INFO] BookmarksLoadDropped droppedNodes=0
2026-09-12 03:09:29.769: [INFO] BookmarksSnapshot Startup total=0 bar=0 other=0 mobile=0 showBar=0 showBarNTP=1
2026-09-12 03:09:36.171: [INFO] BookmarksSnapshot Shutdown total=0 bar=0 other=0 mobile=0 showBar=0 showBarNTP=1
2026-09-12 03:14:20.595: [INFO] CurrentProfilePath: C:\PERSONAL-PROJECTS\ahk\quickmenu\WebView2Data\EBWebView\Default
2026-09-12 03:14:20.595: [INFO] Profiles total count: 1
2026-09-12 03:14:20.595: [INFO] Profile: name=Profile 1 path=C:\PERSONAL-PROJECTS\ahk\quickmenu\WebView2Data\EBWebView\Default lastActive=2026-09-12T03:12:08.372Z
2026-09-12 03:14:20.595: [INFO] LastUsedProfileDir: C:\PERSONAL-PROJECTS\ahk\quickmenu\WebView2Data\EBWebView\Default
2026-09-12 03:14:20.595: [INFO] MostRecentlyActiveProfile: name=Profile 1 path=C:\PERSONAL-PROJECTS\ahk\quickmenu\WebView2Data\EBWebView\Default lastActive=2026-09-12T03:12:08.372Z
2026-09-12 03:14:20.595: [INFO] OnDoneLoading sync enabled: 0
2026-09-12 03:14:20.595: [INFO] BookmarkModelLoaded, ids_reassigned: 0
2026-09-12 03:14:20.595: [INFO] BookmarksLoadDropped droppedNodes=0
2026-09-12 03:14:20.595: [INFO] BookmarksSnapshot Startup total=0 bar=0 other=0 mobile=0 showBar=0 showBarNTP=1
2026-09-12 03:14:22.873: [INFO] BookmarksSnapshot Shutdown total=0 bar=0 other=0 mobile=0 showBar=0 showBarNTP=1
2026-09-12 03:39:18.120: [INFO] CurrentProfilePath: C:\PERSONAL-PROJECTS\ahk\quickmenu\WebView2Data\EBWebView\Default
2026-09-12 03:39:18.120: [INFO] Profiles total count: 1
2026-09-12 03:39:18.120: [INFO] Profile: name=Profile 1 path=C:\PERSONAL-PROJECTS\ahk\quickmenu\WebView2Data\EBWebView\Default lastActive=2026-09-12T03:14:55.015Z
2026-09-12 03:39:18.120: [INFO] LastUsedProfileDir: C:\PERSONAL-PROJECTS\ahk\quickmenu\WebView2Data\EBWebView\Default
2026-09-12 03:39:18.120: [INFO] MostRecentlyActiveProfile: name=Profile 1 path=C:\PERSONAL-PROJECTS\ahk\quickmenu\WebView2Data\EBWebView\Default lastActive=2026-09-12T03:14:55.015Z
2026-09-12 03:39:18.120: [INFO] OnDoneLoading sync enabled: 0
2026-09-12 03:39:18.120: [INFO] BookmarkModelLoaded, ids_reassigned: 0
2026-09-12 03:39:18.120: [INFO] BookmarksLoadDropped droppedNodes=0
2026-09-12 03:39:18.120: [INFO] BookmarksSnapshot Startup total=0 bar=0 other=0 mobile=0 showBar=0 showBarNTP=1
2026-09-12 03:39:28.937: [INFO] BookmarksSnapshot Shutdown total=0 bar=0 other=0 mobile=0 showBar=0 showBarNTP=1
2026-09-12 03:41:47.517: [INFO] CurrentProfilePath: C:\PERSONAL-PROJECTS\ahk\quickmenu\WebView2Data\EBWebView\Default
2026-09-12 03:41:47.517: [INFO] Profiles total count: 1
2026-09-12 03:41:47.517: [INFO] Profile: name=Profile 1 path=C:\PERSONAL-PROJECTS\ahk\quickmenu\WebView2Data\EBWebView\Default lastActive=2026-09-12T03:39:18.257Z
2026-09-12 03:41:47.517: [INFO] LastUsedProfileDir: C:\PERSONAL-PROJECTS\ahk\quickmenu\WebView2Data\EBWebView\Default
2026-09-12 03:41:47.517: [INFO] MostRecentlyActiveProfile: name=Profile 1 path=C:\PERSONAL-PROJECTS\ahk\quickmenu\WebView2Data\EBWebView\Default lastActive=2026-09-12T03:39:18.257Z
2026-09-12 03:41:47.517: [INFO] OnDoneLoading sync enabled: 0
2026-09-12 03:41:47.517: [INFO] BookmarkModelLoaded, ids_reassigned: 0
2026-09-12 03:41:47.517: [INFO] BookmarksLoadDropped droppedNodes=0
2026-09-12 03:41:47.518: [INFO] BookmarksSnapshot Startup total=0 bar=0 other=0 mobile=0 showBar=0 showBarNTP=1
2026-09-12 03:41:51.842: [INFO] BookmarksSnapshot Shutdown total=0 bar=0 other=0 mobile=0 showBar=0 showBarNTP=1
2026-09-12 03:52:05.857: [INFO] CurrentProfilePath: C:\PERSONAL-PROJECTS\ahk\quickmenu\WebView2Data\EBWebView\Default
2026-09-12 03:52:05.857: [INFO] Profiles total count: 1
2026-09-12 03:52:05.857: [INFO] Profile: name=Profile 1 path=C:\PERSONAL-PROJECTS\ahk\quickmenu\WebView2Data\EBWebView\Default lastActive=2026-09-12T03:48:48.863Z
2026-09-12 03:52:05.857: [INFO] LastUsedProfileDir: C:\PERSONAL-PROJECTS\ahk\quickmenu\WebView2Data\EBWebView\Default
2026-09-12 03:52:05.857: [INFO] MostRecentlyActiveProfile: name=Profile 1 path=C:\PERSONAL-PROJECTS\ahk\quickmenu\WebView2Data\EBWebView\Default lastActive=2026-09-12T03:48:48.863Z
2026-09-12 03:52:05.857: [INFO] OnDoneLoading sync enabled: 0
2026-09-12 03:52:05.857: [INFO] BookmarkModelLoaded, ids_reassigned: 0
2026-09-12 03:52:05.857: [INFO] BookmarksLoadDropped droppedNodes=0
2026-09-12 03:52:05.857: [INFO] BookmarksSnapshot Startup total=0 bar=0 other=0 mobile=0 showBar=0 showBarNTP=1
2026-09-12 03:52:08.275: [INFO] BookmarksSnapshot Shutdown total=0 bar=0 other=0 mobile=0 showBar=0 showBarNTP=1
